Processing 164 layer(s)
  [Algeria/drought_index] embedded metadata into Algeria_spi12.tif (304 KB)
  [Algeria/rainfall] embedded metadata into Algeria_rainfall_annual.tif (298 KB)
  [Algeria/temperature] embedded metadata into Algeria_temperature_mean.tif (370 KB)
  [Angola/drought_index] embedded metadata into Angola_spi12.tif (147 KB)
  [Angola/rainfall] embedded metadata into Angola_rainfall_annual.tif (142 KB)
  [Angola/temperature] embedded metadata into Angola_temperature_mean.tif (177 KB)
  [Benin/drought_index] embedded metadata into Benin_spi12.tif (16 KB)
  [Benin/rainfall] embedded metadata into Benin_rainfall_annual.tif (14 KB)
  [Benin/temperature] embedded metadata into Benin_temperature_mean.tif (19 KB)
  [Bir Tawil/drought_index] embedded metadata into Bir-Tawil_spi12.tif (1 KB)
  [Bir Tawil/rainfall] embedded metadata into Bir-Tawil_rainfall_annual.tif (1 KB)
  [Bir Tawil/temperature] embedded metadata into Bir-Tawil_temperature_mean.tif (1 KB)
  [Botswana/drought_index] embedded metadata into Botswana_spi12.tif (70 KB)
  [Botswana/rainfall] embedded metadata into Botswana_rainfall_annual.tif (70 KB)
  [Botswana/temperature] embedded metadata into Botswana_temperature_mean.tif (86 KB)
  [Burkina Faso/drought_index] embedded metadata into Burkina-Faso_spi12.tif (35 KB)
  [Burkina Faso/rainfall] embedded metadata into Burkina-Faso_rainfall_annual.tif (33 KB)
  [Burkina Faso/temperature] embedded metadata into Burkina-Faso_temperature_mean.tif (39 KB)
  [Burundi/drought_index] embedded metadata into Burundi_spi12.tif (4 KB)
  [Burundi/rainfall] embedded metadata into Burundi_rainfall_annual.tif (4 KB)
  [Burundi/temperature] embedded metadata into Burundi_temperature_mean.tif (6 KB)
  [Cabo Verde/rainfall] embedded metadata into Cabo-Verde_rainfall_annual.tif (2 KB)
  [Cabo Verde/temperature] embedded metadata into Cabo-Verde_temperature_mean.tif (2 KB)
  [Cameroon/drought_index] embedded metadata into Cameroon_spi12.tif (57 KB)
  [Cameroon/rainfall] embedded metadata into Cameroon_rainfall_annual.tif (55 KB)
  [Cameroon/temperature] embedded metadata into Cameroon_temperature_mean.tif (68 KB)
  [Central African Rep/drought_index] embedded metadata into Central-African-Rep_spi12.tif (73 KB)
  [Central African Rep/rainfall] embedded metadata into Central-African-Rep_rainfall_annual.tif (70 KB)
  [Central African Rep/temperature] embedded metadata into Central-African-Rep_temperature_mean.tif (86 KB)
  [Chad/drought_index] embedded metadata into Chad_spi12.tif (157 KB)
  [Chad/rainfall] embedded metadata into Chad_rainfall_annual.tif (151 KB)
  [Chad/temperature] embedded metadata into Chad_temperature_mean.tif (182 KB)
  [Comoros/drought_index] embedded metadata into Comoros_spi12.tif (1 KB)
  [Comoros/rainfall] embedded metadata into Comoros_rainfall_annual.tif (1 KB)
  [Comoros/temperature] embedded metadata into Comoros_temperature_mean.tif (1 KB)
  [Congo/drought_index] embedded metadata into Congo_spi12.tif (42 KB)
  [Congo/rainfall] embedded metadata into Congo_rainfall_annual.tif (40 KB)
  [Congo/temperature] embedded metadata into Congo_temperature_mean.tif (51 KB)
  [Cote dIvoire/drought_index] embedded metadata into Cote-dIvoire_spi12.tif (41 KB)
  [Cote dIvoire/rainfall] embedded metadata into Cote-dIvoire_rainfall_annual.tif (38 KB)
  [Cote dIvoire/temperature] embedded metadata into Cote-dIvoire_temperature_mean.tif (45 KB)
  [Dem Rep Congo/drought_index] embedded metadata into Dem-Rep-Congo_spi12.tif (274 KB)
  [Dem Rep Congo/rainfall] embedded metadata into Dem-Rep-Congo_rainfall_annual.tif (255 KB)
  [Dem Rep Congo/temperature] embedded metadata into Dem-Rep-Congo_temperature_mean.tif (321 KB)
  [Djibouti/drought_index] embedded metadata into Djibouti_spi12.tif (4 KB)
  [Djibouti/rainfall] embedded metadata into Djibouti_rainfall_annual.tif (4 KB)
  [Djibouti/temperature] embedded metadata into Djibouti_temperature_mean.tif (5 KB)
  [Egypt/drought_index] embedded metadata into Egypt_spi12.tif (132 KB)
  [Egypt/rainfall] embedded metadata into Egypt_rainfall_annual.tif (132 KB)
  [Egypt/temperature] embedded metadata into Egypt_temperature_mean.tif (156 KB)
  [Eq Guinea/drought_index] embedded metadata into Eq-Guinea_spi12.tif (5 KB)
  [Eq Guinea/rainfall] embedded metadata into Eq-Guinea_rainfall_annual.tif (5 KB)
  [Eq Guinea/temperature] embedded metadata into Eq-Guinea_temperature_mean.tif (6 KB)
  [Eritrea/drought_index] embedded metadata into Eritrea_spi12.tif (18 KB)
  [Eritrea/rainfall] embedded metadata into Eritrea_rainfall_annual.tif (17 KB)
  [Eritrea/temperature] embedded metadata into Eritrea_temperature_mean.tif (23 KB)
  [eSwatini/drought_index] embedded metadata into eSwatini_spi12.tif (3 KB)
  [eSwatini/rainfall] embedded metadata into eSwatini_rainfall_annual.tif (3 KB)
  [eSwatini/temperature] embedded metadata into eSwatini_temperature_mean.tif (4 KB)
  [Ethiopia/drought_index] embedded metadata into Ethiopia_spi12.tif (131 KB)
  [Ethiopia/rainfall] embedded metadata into Ethiopia_rainfall_annual.tif (132 KB)
  [Ethiopia/temperature] embedded metadata into Ethiopia_temperature_mean.tif (177 KB)
  [Gabon/drought_index] embedded metadata into Gabon_spi12.tif (33 KB)
  [Gabon/rainfall] embedded metadata into Gabon_rainfall_annual.tif (31 KB)
  [Gabon/temperature] embedded metadata into Gabon_temperature_mean.tif (39 KB)
  [Gambia/drought_index] embedded metadata into Gambia_spi12.tif (3 KB)
  [Gambia/rainfall] embedded metadata into Gambia_rainfall_annual.tif (2 KB)
  [Gambia/temperature] embedded metadata into Gambia_temperature_mean.tif (3 KB)
  [Ghana/drought_index] embedded metadata into Ghana_spi12.tif (30 KB)
  [Ghana/rainfall] embedded metadata into Ghana_rainfall_annual.tif (28 KB)
  [Ghana/temperature] embedded metadata into Ghana_temperature_mean.tif (35 KB)
  [Guinea/drought_index] embedded metadata into Guinea_spi12.tif (32 KB)
  [Guinea/rainfall] embedded metadata into Guinea_rainfall_annual.tif (31 KB)
  [Guinea/temperature] embedded metadata into Guinea_temperature_mean.tif (39 KB)
  [Guinea Bissau/drought_index] embedded metadata into Guinea-Bissau_spi12.tif (6 KB)
  [Guinea Bissau/rainfall] embedded metadata into Guinea-Bissau_rainfall_annual.tif (6 KB)
  [Guinea Bissau/temperature] embedded metadata into Guinea-Bissau_temperature_mean.tif (7 KB)
  [Kenya/drought_index] embedded metadata into Kenya_spi12.tif (67 KB)
  [Kenya/rainfall] embedded metadata into Kenya_rainfall_annual.tif (69 KB)
  [Kenya/temperature] embedded metadata into Kenya_temperature_mean.tif (90 KB)
  [Lesotho/drought_index] embedded metadata into Lesotho_spi12.tif (5 KB)
  [Lesotho/rainfall] embedded metadata into Lesotho_rainfall_annual.tif (5 KB)
  [Lesotho/temperature] embedded metadata into Lesotho_temperature_mean.tif (7 KB)
  [Liberia/drought_index] embedded metadata into Liberia_spi12.tif (13 KB)
  [Liberia/rainfall] embedded metadata into Liberia_rainfall_annual.tif (13 KB)
  [Liberia/temperature] embedded metadata into Liberia_temperature_mean.tif (15 KB)
  [Libya/drought_index] embedded metadata into Libya_spi12.tif (215 KB)
  [Libya/rainfall] embedded metadata into Libya_rainfall_annual.tif (210 KB)
  [Libya/temperature] embedded metadata into Libya_temperature_mean.tif (239 KB)
  [Madagascar/drought_index] embedded metadata into Madagascar_spi12.tif (76 KB)
  [Madagascar/rainfall] embedded metadata into Madagascar_rainfall_annual.tif (74 KB)
  [Madagascar/temperature] embedded metadata into Madagascar_temperature_mean.tif (96 KB)
  [Malawi/drought_index] embedded metadata into Malawi_spi12.tif (17 KB)
  [Malawi/rainfall] embedded metadata into Malawi_rainfall_annual.tif (16 KB)
  [Malawi/temperature] embedded metadata into Malawi_temperature_mean.tif (21 KB)
  [Mali/drought_index] embedded metadata into Mali_spi12.tif (159 KB)
  [Mali/rainfall] embedded metadata into Mali_rainfall_annual.tif (148 KB)
  [Mali/temperature] embedded metadata into Mali_temperature_mean.tif (177 KB)
  [Mauritania/drought_index] embedded metadata into Mauritania_spi12.tif (134 KB)
  [Mauritania/rainfall] embedded metadata into Mauritania_rainfall_annual.tif (125 KB)
  [Mauritania/temperature] embedded metadata into Mauritania_temperature_mean.tif (154 KB)
  [Morocco/drought_index] embedded metadata into Morocco_spi12.tif (82 KB)
  [Morocco/rainfall] embedded metadata into Morocco_rainfall_annual.tif (81 KB)
  [Morocco/temperature] embedded metadata into Morocco_temperature_mean.tif (107 KB)
  [Mozambique/drought_index] embedded metadata into Mozambique_spi12.tif (102 KB)
  [Mozambique/rainfall] embedded metadata into Mozambique_rainfall_annual.tif (95 KB)
  [Mozambique/temperature] embedded metadata into Mozambique_temperature_mean.tif (123 KB)
  [Namibia/drought_index] embedded metadata into Namibia_spi12.tif (103 KB)
  [Namibia/rainfall] embedded metadata into Namibia_rainfall_annual.tif (103 KB)
  [Namibia/temperature] embedded metadata into Namibia_temperature_mean.tif (129 KB)
  [Niger/drought_index] embedded metadata into Niger_spi12.tif (148 KB)
  [Niger/rainfall] embedded metadata into Niger_rainfall_annual.tif (143 KB)
  [Niger/temperature] embedded metadata into Niger_temperature_mean.tif (169 KB)
  [Nigeria/drought_index] embedded metadata into Nigeria_spi12.tif (111 KB)
  [Nigeria/rainfall] embedded metadata into Nigeria_rainfall_annual.tif (103 KB)
  [Nigeria/temperature] embedded metadata into Nigeria_temperature_mean.tif (129 KB)
  [Rwanda/drought_index] embedded metadata into Rwanda_spi12.tif (4 KB)
  [Rwanda/rainfall] embedded metadata into Rwanda_rainfall_annual.tif (4 KB)
  [Rwanda/temperature] embedded metadata into Rwanda_temperature_mean.tif (5 KB)
  [S Sudan/drought_index] embedded metadata into S-Sudan_spi12.tif (78 KB)
  [S Sudan/rainfall] embedded metadata into S-Sudan_rainfall_annual.tif (72 KB)
  [S Sudan/temperature] embedded metadata into S-Sudan_temperature_mean.tif (89 KB)
  [Sao Tome and Principe/drought_index] embedded metadata into Sao-Tome-and-Principe_spi12.tif (1 KB)
  [Sao Tome and Principe/rainfall] embedded metadata into Sao-Tome-and-Principe_rainfall_annual.tif (1 KB)
  [Sao Tome and Principe/temperature] embedded metadata into Sao-Tome-and-Principe_temperature_mean.tif (1 KB)
  [Senegal/drought_index] embedded metadata into Senegal_spi12.tif (27 KB)
  [Senegal/rainfall] embedded metadata into Senegal_rainfall_annual.tif (25 KB)
  [Senegal/temperature] embedded metadata into Senegal_temperature_mean.tif (31 KB)
  [Sierra Leone/drought_index] embedded metadata into Sierra-Leone_spi12.tif (10 KB)
  [Sierra Leone/rainfall] embedded metadata into Sierra-Leone_rainfall_annual.tif (10 KB)
  [Sierra Leone/temperature] embedded metadata into Sierra-Leone_temperature_mean.tif (12 KB)
  [Somalia/drought_index] embedded metadata into Somalia_spi12.tif (43 KB)
  [Somalia/rainfall] embedded metadata into Somalia_rainfall_annual.tif (57 KB)
  [Somalia/temperature] embedded metadata into Somalia_temperature_mean.tif (71 KB)
  [Somaliland/drought_index] embedded metadata into Somaliland_spi12.tif (21 KB)
  [Somaliland/rainfall] embedded metadata into Somaliland_rainfall_annual.tif (21 KB)
  [Somaliland/temperature] embedded metadata into Somaliland_temperature_mean.tif (27 KB)
  [South Africa/drought_index] embedded metadata into South-Africa_spi12.tif (167 KB)
  [South Africa/rainfall] embedded metadata into South-Africa_rainfall_annual.tif (165 KB)
  [South Africa/temperature] embedded metadata into South-Africa_temperature_mean.tif (214 KB)
  [Sudan/drought_index] embedded metadata into Sudan_spi12.tif (232 KB)
  [Sudan/rainfall] embedded metadata into Sudan_rainfall_annual.tif (220 KB)
  [Sudan/temperature] embedded metadata into Sudan_temperature_mean.tif (274 KB)
  [Tanzania/drought_index] embedded metadata into Tanzania_spi12.tif (112 KB)
  [Tanzania/rainfall] embedded metadata into Tanzania_rainfall_annual.tif (107 KB)
  [Tanzania/temperature] embedded metadata into Tanzania_temperature_mean.tif (141 KB)
  [Togo/drought_index] embedded metadata into Togo_spi12.tif (8 KB)
  [Togo/rainfall] embedded metadata into Togo_rainfall_annual.tif (8 KB)
  [Togo/temperature] embedded metadata into Togo_temperature_mean.tif (10 KB)
  [Tunisia/drought_index] embedded metadata into Tunisia_spi12.tif (25 KB)
  [Tunisia/rainfall] embedded metadata into Tunisia_rainfall_annual.tif (24 KB)
  [Tunisia/temperature] embedded metadata into Tunisia_temperature_mean.tif (30 KB)
  [Uganda/drought_index] embedded metadata into Uganda_spi12.tif (31 KB)
  [Uganda/rainfall] embedded metadata into Uganda_rainfall_annual.tif (29 KB)
  [Uganda/temperature] embedded metadata into Uganda_temperature_mean.tif (37 KB)
  [W Sahara/drought_index] embedded metadata into W-Sahara_spi12.tif (15 KB)
  [W Sahara/rainfall] embedded metadata into W-Sahara_rainfall_annual.tif (14 KB)
  [W Sahara/temperature] embedded metadata into W-Sahara_temperature_mean.tif (18 KB)
  [Zambia/drought_index] embedded metadata into Zambia_spi12.tif (93 KB)
  [Zambia/rainfall] embedded metadata into Zambia_rainfall_annual.tif (87 KB)
  [Zambia/temperature] embedded metadata into Zambia_temperature_mean.tif (111 KB)
  [Zimbabwe/drought_index] embedded metadata into Zimbabwe_spi12.tif (51 KB)
  [Zimbabwe/rainfall] embedded metadata into Zimbabwe_rainfall_annual.tif (48 KB)
  [Zimbabwe/temperature] embedded metadata into Zimbabwe_temperature_mean.tif (62 KB)

  ok: 164
